17:08:31 | INFO    | 
17:08:31 | INFO    | ============================================================================================
17:08:31 | INFO    | 阶段五｜学术图表终验与自动报告生成 启动
17:08:31 | INFO    | ============================================================================================
17:08:31 | INFO    | 输出目录：D:\B\output
17:08:31 | INFO    | 解析 Sheet「菜品基本经营参数」（shape=(10, 9)）
17:08:31 | INFO    | 解析 Sheet「批量生产参数」（shape=(10, 7)）
17:08:31 | INFO    | 解析 Sheet「主要原料消耗」（shape=(10, 5)）
17:08:31 | INFO    | 已解析 10 个菜品的生产经营参数
17:08:31 | INFO    | 
17:08:31 | INFO    | ============================================================================================
17:08:31 | INFO    | 任务1｜图1 预测残差分布与正态拟合
17:08:31 | INFO    | ============================================================================================
17:08:32 | INFO    | 残差统计：μ=1.156, σ=12.966, JB p=0.0000, Shapiro p=0.0000
17:08:32 | INFO    | 已保存图 D:\B\output\images\prediction_residuals_distribution.png
17:08:32 | INFO    | 
17:08:32 | INFO    | ============================================================================================
17:08:32 | INFO    | 任务1｜图2 后厨资源占用与饱和度
17:08:32 | INFO    | ============================================================================================
17:08:32 | INFO    | 资源占用率（降序）：{'晚餐主灶': np.float64(99.6), '午餐人工': np.float64(99.5), '午餐主灶': np.float64(97.9), '蛋豆类（全天）': np.float64(95.5), '肉禽类（全天）': np.float64(93.6), '蔬菜类（全天）': np.float64(93.5), '晚餐人工': np.float64(91.8)}
17:08:32 | WARNING | findfont: Failed to find font weight bold, now using 400.
17:08:32 | INFO    | 已保存图 D:\B\output\images\resource_saturation_analysis.png
17:08:32 | INFO    | 
17:08:32 | INFO    | ============================================================================================
17:08:32 | INFO    | 任务1｜基于联合经验分布的多场景生成
17:08:32 | INFO    | ============================================================================================
17:08:32 | INFO    | 预测基准 D_hat 采用字段「预测值_未取整」
17:08:33 | INFO    | 残差联合矩阵：50 个历史供餐日 × 20 个菜品-时段组合
17:08:33 | INFO    | 残差均值=1.156，标准差=12.960（说明模型误差分布）
17:08:33 | INFO    | 已生成 1000 个需求场景（整天 Bootstrap，seed=42），场景需求均值 122.63 份
17:08:33 | INFO    | 场景需求范围：[54.8, 235.7] 份
17:08:33 | INFO    | 
17:08:33 | INFO    | ============================================================================================
17:08:33 | INFO    | 任务1｜图3 Q2/Q3 收益 CDF 重叠对比
17:08:33 | INFO    | ============================================================================================
17:08:33 | INFO    | 已保存图 D:\B\output\images\q2_vs_q3_cdf_overlap.png
17:08:33 | INFO    | 
17:08:33 | INFO    | ============================================================================================
17:08:33 | INFO    | 任务2｜附件4 结果汇总表终极一致性审计
17:08:33 | INFO    | ============================================================================================
17:08:33 | INFO    |   [PASS] 审计1｜批次数×标准批次份数=备餐量（Q2+Q3 共40条） —— 全部一致
17:08:33 | INFO    |   [PASS] 审计2｜相比Q2备餐量变化=Q3−Q2=0（且F列公式完整） —— 最大变化量=0
17:08:33 | INFO    |   [PASS] 审计3｜综合经营效益变化 = 13375.96−14328.20 = −952.24 —— Q2=14328.2, Q3=13375.96, Δ=-952.24
17:08:33 | INFO    |   [PASS] 审计4｜无空单元格/溢出字符(###)/格式损坏 —— 格式完好
17:08:33 | INFO    |   [PASS] 审计5｜Q1 预测需求量 20 条已回填 
17:08:33 | INFO    | 审计汇总：5 / 5 项通过
17:08:33 | INFO    | 审计报告：
                                       检查项   结果                                 说明
            审计1｜批次数×标准批次份数=备餐量（Q2+Q3 共40条） PASS                               全部一致
            审计2｜相比Q2备餐量变化=Q3−Q2=0（且F列公式完整） PASS                            最大变化量=0
审计3｜综合经营效益变化 = 13375.96−14328.20 = −952.24 PASS Q2=14328.2, Q3=13375.96, Δ=-952.24
                  审计4｜无空单元格/溢出字符(###)/格式损坏 PASS                               格式完好
                      审计5｜Q1 预测需求量 20 条已回填 PASS                                   
17:08:33 | INFO    | 
17:08:33 | INFO    | ============================================================================================
17:08:33 | INFO    | 任务3｜生成论文写作素材白皮书
17:08:33 | INFO    | ============================================================================================
17:08:33 | INFO    | 已生成白皮书 D:\B\output\paper_writing_materials.md
17:08:33 | INFO    | 
17:08:33 | INFO    | ============================================================================================
17:08:33 | INFO    | 阶段五完成
17:08:33 | INFO    | ============================================================================================
