15:48:21 | INFO    | 
15:48:21 | INFO    | ============================================================================================
15:48:21 | INFO    | 阶段三｜问题2 —— 确定性备餐优化（MILP）启动
15:48:21 | INFO    | ============================================================================================
15:48:21 | INFO    | 数据目录：D:\B；输出目录：D:\B\output
15:48:21 | INFO    | 读取需求预测：predictions_20260629.csv（20 行），采用字段「预测需求量」
15:48:21 | INFO    | 解析 Sheet「菜品基本经营参数」（shape=(10, 9)）
15:48:22 | INFO    | 解析 Sheet「批量生产参数」（shape=(10, 7)）
15:48:22 | INFO    | 解析 Sheet「主要原料消耗」（shape=(10, 5)）
15:48:22 | INFO    | 已解析 10 个菜品的生产经营参数
15:48:22 | INFO    | 解析 Sheet「时段生产资源」（shape=(2, 8)）
15:48:22 | INFO    | 时段生产资源：检测为【分时段】→ 建立时段独立约束：人工{'午餐': 558.0, '晚餐': 490.0} 主灶{'午餐': 630.0, '晚餐': 500.0}
15:48:22 | INFO    | 解析 Sheet「当日原料供应」（shape=(3, 3)）
15:48:22 | INFO    | 当日原料供应：检测为【全天总量】→ 全天累加原料约束：{'肉禽类': 126.0, '蔬菜类': 124.0, '蛋豆类': 68.0}
15:48:22 | INFO    | MILP 模型规模：20 个整数变量 + 20 个连续变量，67 个约束
15:48:23 | INFO    | 求解状态：Optimal
15:48:23 | INFO    | MILP 全局最优综合经营效益（目标值）：14328.20
15:48:23 | INFO    | 
15:48:23 | INFO    | ============================================================================================
15:48:23 | INFO    | 任务1｜最优备餐方案
15:48:23 | INFO    | ============================================================================================
15:48:23 | INFO    | 
| 时段 | 菜品编号 | 菜品名称 | 预测需求量 | 生产批次数(批) | 备餐量(份) | 预计销量(份) | 预计剩余(份) | 预计缺供(份) |
| --- | --- | --- | --- | --- | --- | --- | --- | --- |
| 午餐 | D01 | 宫保鸡丁 | 157 | 13 | 156 | 156 | 0 | 1 |
| 午餐 | D02 | 红烧肉 | 108 | 7 | 105 | 105 | 0 | 3 |
| 午餐 | D03 | 鱼香肉丝 | 152 | 13 | 156 | 152 | 4 | 0 |
| 午餐 | D04 | 麻婆豆腐 | 146 | 10 | 150 | 146 | 4 | 0 |
| 午餐 | D05 | 番茄炒蛋 | 174 | 12 | 180 | 174 | 6 | 0 |
| 午餐 | D06 | 青椒土豆丝 | 138 | 9 | 135 | 135 | 0 | 3 |
| 午餐 | D07 | 香菇青菜 | 113 | 9 | 108 | 108 | 0 | 5 |
| 午餐 | D08 | 水煮鸡片 | 128 | 11 | 132 | 128 | 4 | 0 |
| 午餐 | D09 | 糖醋里脊 | 111 | 11 | 110 | 110 | 0 | 1 |
| 午餐 | D10 | 西红柿牛腩 | 98 | 6 | 90 | 90 | 0 | 8 |
| 晚餐 | D01 | 宫保鸡丁 | 135 | 11 | 132 | 132 | 0 | 3 |
| 晚餐 | D02 | 红烧肉 | 89 | 5 | 75 | 75 | 0 | 14 |
| 晚餐 | D03 | 鱼香肉丝 | 128 | 10 | 120 | 120 | 0 | 8 |
| 晚餐 | D04 | 麻婆豆腐 | 132 | 9 | 135 | 132 | 3 | 0 |
| 晚餐 | D05 | 番茄炒蛋 | 148 | 10 | 150 | 148 | 2 | 0 |
| 晚餐 | D06 | 青椒土豆丝 | 113 | 7 | 105 | 105 | 0 | 8 |
| 晚餐 | D07 | 香菇青菜 | 92 | 7 | 84 | 84 | 0 | 8 |
| 晚餐 | D08 | 水煮鸡片 | 108 | 9 | 108 | 108 | 0 | 0 |
| 晚餐 | D09 | 糖醋里脊 | 96 | 9 | 90 | 90 | 0 | 6 |
| 晚餐 | D10 | 西红柿牛腩 | 84 | 5 | 75 | 75 | 0 | 9 |
15:48:23 | INFO    | 
15:48:23 | INFO    | ============================================================================================
15:48:23 | INFO    | 任务2｜资源占用率与瓶颈分析
15:48:23 | INFO    | ============================================================================================
15:48:23 | INFO    | 
| 资源 | 实际使用量 | 可用量 | 利用率(%) |
| --- | --- | --- | --- |
| 晚餐主灶 | 498.00 | 500.00 | 99.60 |
| 午餐人工 | 555.00 | 558.00 | 99.46 |
| 午餐主灶 | 617.00 | 630.00 | 97.94 |
| 蛋豆类(全天) | 64.92 | 68.00 | 95.47 |
| 肉禽类(全天) | 117.95 | 126.00 | 93.62 |
| 蔬菜类(全天) | 115.92 | 124.00 | 93.48 |
| 晚餐人工 | 450.00 | 490.00 | 91.84 |
15:48:23 | INFO    | 【接近瓶颈】占用率 ≥ 95% 的资源：
| 资源 | 实际使用量 | 可用量 | 利用率(%) |
| --- | --- | --- | --- |
| 晚餐主灶 | 498.00 | 500.00 | 99.60 |
| 午餐人工 | 555.00 | 558.00 | 99.46 |
| 午餐主灶 | 617.00 | 630.00 | 97.94 |
| 蛋豆类(全天) | 64.92 | 68.00 | 95.47 |
15:48:23 | INFO    | 
15:48:23 | INFO    | ============================================================================================
15:48:23 | INFO    | 任务2｜业绩指标预测
15:48:23 | INFO    | ============================================================================================
15:48:23 | INFO    | 
| 指标 | 数值 | 单位 |
| --- | --- | --- |
| 销售收入(元) | 28771.00 | 元 |
| 生产成本(元) | 14087.50 | 元 |
| 剩余损失(元) | 22.80 | 元 |
| 缺供损失(元) | 332.50 | 元 |
| 综合经营效益(元) | 14328.20 | 元 |
| 备餐总量(份) | 2396.00 | 份 |
| 预计销量(份) | 2373.00 | 份 |
| 预计剩余量(份) | 23.00 | 份 |
| 预计缺供量(份) | 77.00 | 份 |
| 服务水平(%) | 96.86 | % |
15:48:23 | INFO    | （模型目标值与后评估效益应一致：目标=14328.20，后评估=14328.20）
15:48:23 | INFO    | 
15:48:23 | INFO    | ============================================================================================
15:48:23 | INFO    | 任务3｜Excel 结果规范回填
15:48:23 | INFO    | ============================================================================================
15:48:23 | INFO    | 已创建原始模板备份：D:\B\output\附件4_结果汇总表_原始备份.xlsx
15:48:23 | INFO    | Q1：已回填预测需求量（D6:D25）
15:48:23 | INFO    | Q2：已回填 20 条方案明细（D6:I25）
15:48:23 | INFO    | Q2：已回填资源占用（B30:C36）与经营结果（G30:G34），保留 D 列利用率公式
15:48:23 | INFO    | 已回填并保存：D:\B\附件4_结果汇总表.xlsx
15:48:23 | INFO    | 已回填副本：D:\B\output\附件4_结果汇总表_已回填.xlsx
15:48:23 | INFO    | 镜像副本：D:\workspace\scratch\附件4_结果汇总表_已回填.xlsx
15:48:23 | INFO    | 
15:48:23 | INFO    | ============================================================================================
15:48:23 | INFO    | 任务3｜导出结果 CSV
15:48:23 | INFO    | ============================================================================================
15:48:23 | INFO    | 已写出 D:\B\output\q2_optimal_plan.csv（20 行 × 9 列）
15:48:23 | INFO    | 镜像写出 D:\workspace\scratch\q2_optimal_plan.csv
15:48:23 | INFO    | 已写出 D:\B\output\q2_performance_metrics.csv（10 行 × 3 列）
15:48:23 | INFO    | 镜像写出 D:\workspace\scratch\q2_performance_metrics.csv
15:48:23 | INFO    | 已写出 D:\B\output\q2_resource_utilization.csv（7 行 × 4 列）
15:48:23 | INFO    | 镜像写出 D:\workspace\scratch\q2_resource_utilization.csv
15:48:23 | INFO    | 
15:48:23 | INFO    | ============================================================================================
15:48:23 | INFO    | 阶段三完成
15:48:23 | INFO    | ============================================================================================
15:48:23 | INFO    | 所有结果已写入：D:\B\output
