16:38:30 | INFO    | 
16:38:30 | INFO    | ============================================================================================
16:38:30 | INFO    | 阶段四｜问题3 —— 需求不确定条件下的备餐策略 启动
16:38:30 | INFO    | ============================================================================================
16:38:30 | INFO    | 数据目录：D:\B；输出目录：D:\B\output；场景数 S=1000
16:38:30 | INFO    | 已读取问题2确定性口径指标：综合经营效益=14328.20 元、服务水平=96.86%
16:38:30 | INFO    | 解析 Sheet「菜品基本经营参数」（shape=(10, 9)）
16:38:31 | INFO    | 解析 Sheet「批量生产参数」（shape=(10, 7)）
16:38:31 | INFO    | 解析 Sheet「主要原料消耗」（shape=(10, 5)）
16:38:31 | INFO    | 已解析 10 个菜品的生产经营参数
16:38:31 | INFO    | 解析 Sheet「时段生产资源」（shape=(2, 8)）
16:38:31 | INFO    | 时段生产资源：检测为【分时段】→ 建立时段独立约束：人工{'午餐': 558.0, '晚餐': 490.0} 主灶{'午餐': 630.0, '晚餐': 500.0}
16:38:31 | INFO    | 解析 Sheet「当日原料供应」（shape=(3, 3)）
16:38:31 | INFO    | 当日原料供应：检测为【全天总量】→ 全天累加原料约束：{'肉禽类': 126.0, '蔬菜类': 124.0, '蛋豆类': 68.0}
16:38:31 | INFO    | 
16:38:31 | INFO    | ============================================================================================
16:38:31 | INFO    | 任务1｜基于联合经验分布的多场景生成
16:38:31 | INFO    | ============================================================================================
16:38:31 | INFO    | 预测基准 D_hat 采用字段「预测值_未取整」
16:38:31 | INFO    | 残差联合矩阵：50 个历史供餐日 × 20 个菜品-时段组合
16:38:31 | INFO    | 残差均值=1.156，标准差=12.960（说明模型误差分布）
16:38:31 | INFO    | 已生成 1000 个需求场景（整天 Bootstrap，seed=42），场景需求均值 122.63 份
16:38:31 | INFO    | 场景需求范围：[54.8, 235.7] 份
16:38:31 | INFO    | 
16:38:31 | INFO    | ============================================================================================
16:38:31 | INFO    | 任务2｜两阶段随机规划 MILP（SAA）构建与求解
16:38:31 | INFO    | ============================================================================================
16:38:31 | INFO    | MILP 规模：20 整数变量 + 20000 连续变量，40027 约束
16:41:58 | INFO    | 求解状态：Optimal
16:41:58 | INFO    | 随机稳健方案期望综合经营效益：13375.96 元（1000 场景平均）
16:41:58 | INFO    | 
16:41:58 | INFO    | ============================================================================================
16:41:58 | INFO    | 任务3｜Q2 vs Q3 蒙特卡洛对比评估
16:41:58 | INFO    | ============================================================================================
16:41:58 | INFO    | Q2（确定性口径）vs Q3（期望口径）对比评估矩阵：
| 指标 | Q2(确定性口径) | Q3(期望口径) | 变化量(Q3-Q2) |
| --- | --- | --- | --- |
| 综合经营效益(元) | 14328.20 | 13375.96 | -952.24 |
| 菜品剩余量(份) | 23.00 | 77.02 | 54.02 |
| 菜品缺供量(份) | 77.00 | 133.68 | 56.68 |
| 服务水平(%) | 96.86 | 94.55 | -2.31 |
| 效益标准差(元) | 0.00 | 1499.51 | 1499.51 |
| VaR5%(元) | 14328.20 | 10624.98 | -3703.22 |
16:41:58 | INFO    | 关键发现：后厨产能构成硬约束（午餐人工 555.0/558、晚餐主灶 498.0/500 均已近饱和），任意菜品再增 1 批即超产能、任意减 1 批即降低期望效益，故两阶段随机规划的最优第一阶段决策与确定性方案一致（即“满产能备餐”）。
16:41:58 | INFO    | 随机优化的增量价值 = 量化需求波动风险：期望效益 13375.96 元、标准差 1499.51 元、VaR5%=10624.98 元、服务水平 94.55%，为不确定性决策提供误差分布依据。
16:41:58 | INFO    | 
16:41:58 | INFO    | ============================================================================================
16:41:58 | INFO    | 任务3｜效益累积分布函数（CDF）对比图
16:41:58 | INFO    | ============================================================================================
16:41:59 | INFO    | 已保存 CDF 对比图 D:\B\output\images\q2_vs_q3_cdf.png
16:41:59 | INFO    | 
16:41:59 | INFO    | ============================================================================================
16:41:59 | INFO    | 任务4｜Excel 结果规范回填
16:41:59 | INFO    | ============================================================================================
16:41:59 | INFO    | Q3：已回填 20 条备餐方案（D6:E25，F 列为模板自动公式）
16:41:59 | INFO    | Q3：已回填「问题2 vs 问题3 比较」表（B30:C35，D 列为模板自动公式）
16:41:59 | INFO    | 已回填并保存：D:\B\附件4_结果汇总表.xlsx
16:42:00 | INFO    | 已回填副本：D:\B\output\附件4_结果汇总表_已回填.xlsx
16:42:00 | INFO    | 镜像副本：D:\workspace\scratch\附件4_结果汇总表_已回填.xlsx
16:42:00 | INFO    | 
16:42:00 | INFO    | ============================================================================================
16:42:00 | INFO    | 导出结果 CSV
16:42:00 | INFO    | ============================================================================================
16:42:00 | INFO    | Q3 随机稳健备餐方案：
| 时段 | 菜品编号 | 菜品名称 | 生产批次数(批) | 备餐量(份) | 相比Q2备餐量变化(份) |
| --- | --- | --- | --- | --- | --- |
| 午餐 | D01 | 宫保鸡丁 | 13 | 156 | 0 |
| 午餐 | D02 | 红烧肉 | 7 | 105 | 0 |
| 午餐 | D03 | 鱼香肉丝 | 13 | 156 | 0 |
| 午餐 | D04 | 麻婆豆腐 | 10 | 150 | 0 |
| 午餐 | D05 | 番茄炒蛋 | 12 | 180 | 0 |
| 午餐 | D06 | 青椒土豆丝 | 9 | 135 | 0 |
| 午餐 | D07 | 香菇青菜 | 9 | 108 | 0 |
| 午餐 | D08 | 水煮鸡片 | 11 | 132 | 0 |
| 午餐 | D09 | 糖醋里脊 | 11 | 110 | 0 |
| 午餐 | D10 | 西红柿牛腩 | 6 | 90 | 0 |
| 晚餐 | D01 | 宫保鸡丁 | 11 | 132 | 0 |
| 晚餐 | D02 | 红烧肉 | 5 | 75 | 0 |
| 晚餐 | D03 | 鱼香肉丝 | 10 | 120 | 0 |
| 晚餐 | D04 | 麻婆豆腐 | 9 | 135 | 0 |
| 晚餐 | D05 | 番茄炒蛋 | 10 | 150 | 0 |
| 晚餐 | D06 | 青椒土豆丝 | 7 | 105 | 0 |
| 晚餐 | D07 | 香菇青菜 | 7 | 84 | 0 |
| 晚餐 | D08 | 水煮鸡片 | 9 | 108 | 0 |
| 晚餐 | D09 | 糖醋里脊 | 9 | 90 | 0 |
| 晚餐 | D10 | 西红柿牛腩 | 5 | 75 | 0 |
16:42:00 | INFO    | 已写出 D:\B\output\q3_optimal_plan.csv（20 行 × 6 列）
16:42:00 | INFO    | 镜像写出 D:\workspace\scratch\q3_optimal_plan.csv
16:42:00 | INFO    | 已写出 D:\B\output\q2_vs_q3_comparison.csv（6 行 × 4 列）
16:42:00 | INFO    | 镜像写出 D:\workspace\scratch\q2_vs_q3_comparison.csv
16:42:00 | INFO    | 
16:42:00 | INFO    | ============================================================================================
16:42:00 | INFO    | 阶段四完成
16:42:00 | INFO    | ============================================================================================
16:42:00 | INFO    | 所有结果已写入：D:\B\output
