15:28:02 | INFO    | 
15:28:02 | INFO    | ============================================================================================
15:28:02 | INFO    | 阶段二｜需求特征分析与预测模型 启动
15:28:02 | INFO    | ============================================================================================
15:28:02 | INFO    | 输入目录：D:\B\output（镜像 D:\workspace\scratch）
15:28:02 | INFO    | 输出目录：D:\B\output（镜像 D:\workspace\scratch）
15:28:02 | INFO    | 历史训练/验证集：(1200, 45)；待预测目标集：(20, 45)
15:28:02 | INFO    | 历史日期范围：2026-04-06 00:00:00 ~ 2026-06-26 00:00:00；待预测日期：[Timestamp('2026-06-29 00:00:00')]
15:28:02 | INFO    | 读取特征列 25 个：['月份', '日', '星期_编码', '时段_编码', '星期_周一', '星期_周二', '星期_周三', '星期_周四', '星期_周五', '日期_序号', '天气_晴', '天气_多云', '天气_阴', '天气_小雨', '天气_中雨', '平均气温(℃)', '降雨量(mm)', '在校学生比例', '是否考试周', '是否离校高峰前一日', '是否大型活动', '活动客流影响估计比例', 'Lag_1', 'Lag_5', 'Rolling_Mean_3']
15:28:02 | INFO    | 历史数据已按日期升序排序（供 TimeSeriesSplit 使用）。
15:28:02 | INFO    | 
15:28:02 | INFO    | ============================================================================================
15:28:02 | INFO    | 任务1｜连续变量相关性分析（Pearson / Spearman）
15:28:02 | INFO    | ============================================================================================
15:28:02 | INFO    | 连续特征与真实需求的相关性：
            特征  Pearson_r  Pearson_p  Spearman_rho  Spearman_p  样本数
         Lag_5     0.8479   0.000000        0.8507    0.000000 1200
Rolling_Mean_3     0.7759   0.000000        0.7800    0.000000 1200
         Lag_1     0.7141   0.000000        0.7223    0.000000 1200
        在校学生比例     0.3606   0.000000        0.2930    0.000000 1200
    活动客流影响估计比例     0.1024   0.000382        0.0980    0.000677 1200
       平均气温(℃)    -0.0868   0.002609       -0.0734    0.011020 1200
         日期_序号    -0.0739   0.010442       -0.0839    0.003637 1200
            月份    -0.0696   0.015959       -0.0715    0.013175 1200
       降雨量(mm)    -0.0176   0.542971        0.0370    0.200641 1200
             日    -0.0105   0.715282       -0.0123    0.669807 1200
15:28:02 | INFO    | 已写出 D:\B\output\eda_correlation.csv（10 行 × 6 列）
15:28:02 | INFO    | 镜像写出 D:\workspace\scratch\eda_correlation.csv
15:28:03 | INFO    | 已保存图 D:\B\output\images\correlation_heatmap.png
15:28:03 | INFO    | 
15:28:03 | INFO    | ============================================================================================
15:28:03 | INFO    | 任务1｜分类变量 ANOVA 方差分析
15:28:03 | INFO    | ============================================================================================
15:28:04 | INFO    | ANOVA 结果（整体 + 20 个 [菜品-时段] 组合）：共 105 行
15:28:04 | INFO    | 整体（菜品编号=全部）显著性概览：
     分类变量      F值       P值 显著性(α=0.05)
       星期 47.6917 0.000000          显著
       天气  2.5508 0.037684          显著
    是否考试周  5.0543 0.024745          显著
是否离校高峰前一日 84.8230 0.000000          显著
   是否大型活动  1.9671 0.161014         不显著
15:28:04 | INFO    | 已写出 D:\B\output\eda_anova.csv（105 行 × 8 列）
15:28:04 | INFO    | 镜像写出 D:\workspace\scratch\eda_anova.csv
15:28:04 | INFO    | 
15:28:04 | INFO    | ============================================================================================
15:28:04 | INFO    | 任务1｜箱线图绘制
15:28:04 | INFO    | ============================================================================================
15:28:04 | INFO    | 已保存图 D:\B\output\images\boxplot_weekday.png
15:28:04 | INFO    | 已保存图 D:\B\output\images\boxplot_exam_week.png
15:28:05 | INFO    | 已保存图 D:\B\output\images\boxplot_weather.png
15:28:06 | INFO    | LightGBM 第 1 折：best_iteration=367
15:28:07 | INFO    | LightGBM 第 2 折：best_iteration=39
15:28:08 | INFO    | LightGBM 第 3 折：best_iteration=184
15:28:09 | INFO    | LightGBM 第 4 折：best_iteration=101
15:28:17 | INFO    | LightGBM 第 5 折：best_iteration=2735
15:28:17 | INFO    | 
15:28:17 | INFO    | ============================================================================================
15:28:17 | INFO    | 任务2｜时间序列交叉验证（TimeSeriesSplit=5）结果汇总
15:28:17 | INFO    | ============================================================================================
15:28:17 | INFO    | 
        模型            MAE            RMSE        MAPE(%)
  LightGBM  9.582 ± 2.642  12.570 ± 3.362  9.043 ± 3.066
 Lasso(L1)  9.860 ± 3.586  12.749 ± 4.688  9.512 ± 4.101
 Ridge(L2) 10.991 ± 7.246 14.955 ± 11.224 11.281 ± 9.046
Naive-Lag1 15.620 ± 1.512  20.698 ± 3.259 14.696 ± 1.963
15:28:17 | INFO    | 各模型逐折 MAE：
15:28:17 | INFO    |   Ridge(L2)    ['25.375', '8.999', '6.486', '6.684', '7.410']
15:28:17 | INFO    |   Lasso(L1)    ['16.817', '6.957', '9.564', '7.566', '8.398']
15:28:17 | INFO    |   LightGBM     ['14.061', '10.705', '7.404', '6.654', '9.084']
15:28:17 | INFO    |   Naive-Lag1   ['16.938', '15.564', '13.700', '14.250', '17.650']
15:28:17 | INFO    | 选定最优模型：LightGBM
15:28:17 | INFO    | 
15:28:17 | INFO    | ============================================================================================
15:28:17 | INFO    | 任务3｜最优模型重训练与 2026-06-29 预测
15:28:17 | INFO    | ============================================================================================
15:28:17 | INFO    | 最优模型：LightGBM（按交叉验证 MAE 最小选定）
15:28:17 | INFO    | LightGBM 重训练 n_estimators=686（取各折 best_iteration 均值）
15:28:19 | INFO    | 2026-06-29 最终需求预测（向上取整）：
时段 菜品编号  菜品名称  预测需求量    预测值_未取整
午餐  D01  宫保鸡丁    157 156.055245
晚餐  D01  宫保鸡丁    135 134.012590
午餐  D02   红烧肉    108 107.444809
晚餐  D02   红烧肉     89  88.744313
午餐  D03  鱼香肉丝    152 151.408636
晚餐  D03  鱼香肉丝    128 127.894705
午餐  D04  麻婆豆腐    146 145.250370
晚餐  D04  麻婆豆腐    132 131.993809
午餐  D05  番茄炒蛋    174 173.062098
晚餐  D05  番茄炒蛋    148 147.221533
午餐  D06 青椒土豆丝    138 137.875276
晚餐  D06 青椒土豆丝    113 112.484624
午餐  D07  香菇青菜    113 112.297292
晚餐  D07  香菇青菜     92  91.656390
午餐  D08  水煮鸡片    128 127.479391
晚餐  D08  水煮鸡片    108 107.762818
午餐  D09  糖醋里脊    111 110.138422
晚餐  D09  糖醋里脊     96  95.853526
午餐  D10 西红柿牛腩     98  97.819598
晚餐  D10 西红柿牛腩     84  83.714430
15:28:19 | INFO    | 已写出 D:\B\output\predictions_20260629.csv（20 行 × 5 列）
15:28:19 | INFO    | 镜像写出 D:\workspace\scratch\predictions_20260629.csv
15:28:19 | INFO    | 
15:28:19 | INFO    | ============================================================================================
15:28:19 | INFO    | 任务4｜预测残差与误差分布特征
15:28:19 | INFO    | ============================================================================================
15:28:19 | INFO    | 残差整体统计：均值=1.156，标准差=12.966，MAE=9.582
15:28:19 | INFO    | 说明：TimeSeriesSplit 的首个训练段（前 200 行）不进入任何验证折，故 OOF 残差覆盖 1000 / 1200 行（均为严格的时间后向验证预测）。
15:28:19 | INFO    | 已写出 D:\B\output\model_residuals.csv（1000 行 × 9 列）
15:28:19 | INFO    | 镜像写出 D:\workspace\scratch\model_residuals.csv
15:28:19 | INFO    | 各 [菜品编号, 时段] 残差分布特征：
菜品编号 时段  样本数  均值(Mean)  标准差(Std)  偏度(Skewness)  峰度(Kurtosis)       P5      P10     P25     P50     P75     P90     P95
 D01 午餐   50    4.4732   16.7437       -0.2850        0.0496 -19.3033 -16.4958 -5.7559  5.0254 16.3236 23.0016 27.3969
 D01 晚餐   50    1.3030   13.8186       -0.1525        1.2589 -21.6839 -13.3484 -7.4767  2.4170  8.8458 16.0871 22.5816
 D02 午餐   50    0.3167   10.5635       -0.3710       -0.0839 -15.7335 -13.0796 -6.6740  1.1799  7.2916 12.7248 16.1792
 D02 晚餐   50   -1.8402    9.1455       -0.5768        0.8450 -18.2057 -15.1134 -5.8517  0.5398  4.5855  6.8321  7.8910
 D03 午餐   50    3.1064   17.1310       -0.8943        2.8743 -22.0329 -13.9482 -4.6163  4.1337 13.4376 23.8076 24.2421
 D03 晚餐   50    1.5604   10.6471       -0.7416        2.0028 -14.7912  -8.6761 -4.3727  1.7894  8.0000 15.5706 16.5831
 D04 午餐   50    2.5890   15.6647       -0.9356        2.0410 -26.0852 -15.6907 -5.3329  6.5390 12.2702 18.4887 21.2896
 D04 晚餐   50    2.1008   10.1266       -0.6142        3.7821 -13.6930  -7.3165 -1.1693  1.8370  6.7547 12.4583 16.9966
 D05 午餐   50    9.0009   18.9779       -0.1735        0.6530 -19.3125 -15.5406 -5.7657 11.9742 22.6981 28.2158 31.3134
 D05 晚餐   50    2.6610   13.5635       -1.0899        3.1001 -17.2695  -8.3792 -5.4037  3.4396 11.2105 17.9937 20.7503
 D06 午餐   50    2.4885   16.1785        0.6657        5.9127 -18.8531 -15.7732 -3.2520  3.2616 10.9285 13.7805 17.2052
 D06 晚餐   50    0.8526   11.8069       -0.7667        3.6824 -16.1439 -10.4699 -5.6999  0.7010  8.5690 12.3012 16.8050
 D07 午餐   50    1.1427   10.0408       -0.1736        0.0968 -12.3398 -11.0984 -6.1975  1.0458  8.5536 13.7627 17.0182
 D07 晚餐   50   -2.9287   10.1677       -0.6001        1.1135 -23.3796 -16.2144 -7.3588 -1.7180  2.9872  8.0414 11.6291
 D08 午餐   50    1.0336   13.4297       -1.1125        3.6167 -20.4510 -13.5514 -4.5049  1.7878  9.1071 14.4908 16.0876
 D08 晚餐   50    0.3203    9.9256       -1.2738        3.8214 -15.0288  -9.5713 -5.1482  0.5851  7.3281 12.3063 13.8331
 D09 午餐   50    1.6308   11.3973       -0.6737        1.2562 -15.4156 -10.5086 -4.9439  2.6911  9.2500 13.6554 17.7758
 D09 晚餐   50   -1.0151   10.2892       -0.6823        2.1383 -16.3473 -10.2713 -6.9201 -1.5139  5.6507 12.0534 13.5562
 D10 午餐   50   -0.3434    9.8027       -0.8617        1.5826 -16.6409 -12.3392 -5.4366  0.3815  6.4242 12.1585 13.7521
 D10 晚餐   50   -5.3262    9.1132       -0.9556        0.6663 -24.5305 -17.8126 -8.6601 -3.9913  1.1187  3.5494  5.8510
15:28:19 | INFO    | 已写出 D:\B\output\residual_stats.csv（20 行 × 14 列）
15:28:19 | INFO    | 镜像写出 D:\workspace\scratch\residual_stats.csv
15:28:19 | INFO    | 
15:28:19 | INFO    | ============================================================================================
15:28:19 | INFO    | 阶段二完成
15:28:19 | INFO    | ============================================================================================
15:28:19 | INFO    | 所有结果已写入：D:\B\output（镜像 D:\workspace\scratch）
